BL51 BANKED LINKER/LOCATER V6.22                                                        04/01/2021  16:16:24  PAGE 1


BL51 BANKED LINKER/LOCATER V6.22, INVOKED BY:
D:\APPS\KEILC\C51\BIN\BL51.EXE main.obj TO progress


MEMORY MODEL: SMALL


INPUT MODULES INCLUDED:
  main.obj (MAIN)
  D:\APPS\KEILC\C51\LIB\C51S.LIB (?C_STARTUP)


LINK MAP OF MODULE:  progress (MAIN)


            TYPE    BASE      LENGTH    RELOCATION   SEGMENT NAME
            -----------------------------------------------------

            * * * * * * *   D A T A   M E M O R Y   * * * * * * *
            REG     0000H     0008H     ABSOLUTE     "REG BANK 0"
            IDATA   0008H     0001H     UNIT         ?STACK

            * * * * * * *   C O D E   M E M O R Y   * * * * * * *
            CODE    0000H     0003H     ABSOLUTE     
                    0003H     07FDH                  *** GAP ***
            CODE    0800H     004DH     UNIT         ?PR?MAIN?MAIN
            CODE    084DH     000CH     UNIT         ?C_C51STARTUP
            CODE    0859H     000BH     UNIT         ?PR?_DELAY?MAIN



OVERLAY MAP OF MODULE:   progress (MAIN)


SEGMENT
  +--> CALLED SEGMENT
---------------------
?C_C51STARTUP
  +--> ?PR?MAIN?MAIN

?PR?MAIN?MAIN
  +--> ?PR?_DELAY?MAIN



SYMBOL TABLE OF MODULE:  progress (MAIN)

  VALUE           TYPE          NAME
  ----------------------------------

  -------         MODULE        MAIN
  C:0000H         SYMBOL        _ICE_DUMMY_
  D:0080H         PUBLIC        P0
  D:0090H         PUBLIC        P1
  D:00A0H         PUBLIC        P2
  D:00B0H         PUBLIC        P3
  C:0800H         PUBLIC        main
  B:00B0H.7       PUBLIC        BUTTON
BL51 BANKED LINKER/LOCATER V6.22                                                      04/01/2021  16:16:24  PAGE 2


  C:0859H         PUBLIC        _Delay
  -------         PROC          _DELAY
  D:0006H         SYMBOL        time
  C:0859H         LINE#         5
  C:0859H         LINE#         6
  C:0859H         LINE#         7
  C:0863H         LINE#         8
  -------         ENDPROC       _DELAY
  -------         PROC          MAIN
  -------         DO            
  D:0005H         SYMBOL        check
  -------         ENDDO         
  C:0800H         LINE#         10
  C:0800H         LINE#         11
  C:0800H         LINE#         12
  C:0802H         LINE#         13
  C:0802H         LINE#         14
  C:0802H         LINE#         16
  C:0805H         LINE#         17
  C:0805H         LINE#         19
  C:080CH         LINE#         21
  C:080FH         LINE#         22
  C:080FH         LINE#         25
  C:0812H         LINE#         26
  C:0812H         LINE#         27
  C:0815H         LINE#         29
  C:0818H         LINE#         30
  C:081FH         LINE#         31
  C:0822H         LINE#         32
  C:0829H         LINE#         33
  C:082CH         LINE#         34
  C:0830H         LINE#         35
  C:0832H         LINE#         36
  C:0832H         LINE#         37
  C:0840H         LINE#         38
  C:0842H         LINE#         40
  C:0849H         LINE#         41
  C:084BH         LINE#         44
  C:084BH         LINE#         45
  C:084BH         LINE#         46
  -------         ENDPROC       MAIN
  -------         ENDMOD        MAIN

******************************************************************************
* RESTRICTED VERSION WITH 0800H BYTE CODE SIZE LIMIT; USED: 0058H BYTE ( 4%) *
******************************************************************************

Program Size: data=9.0 xdata=0 code=103
LINK/LOCATE RUN COMPLETE.  0 WARNING(S),  0 ERROR(S)
